// Jest Snapshot v1, https://goo.gl/fbAQLP

exports[`matches snapshot 1`] = `
<DocumentFragment>
  <div
    class="App"
  >
    <div
      class="BoxList"
    >
      <form>
        <label
          for="color"
        >
          Color
        </label>
        <input
          id="color"
          name="color"
          placeholder="color"
          type="text"
          value=""
        />
        <br />
        <label
          for="width"
        >
          Width
        </label>
        <input
          id="width"
          name="width"
          placeholder="width in pixels"
          type="text"
          value=""
        />
        <br />
        <label
          for="height"
        >
          Height
        </label>
        <input
          id="height"
          name="height"
          placeholder="height in pixels"
          type="text"
          value=""
        />
        <br />
        <button>
          Add Box
        </button>
      </form>
      <div
        class="BoxList-Boxes"
      />
    </div>
  </div>
</DocumentFragment>
`;
